original input: [My Test String]
base-64 encoding: [TXkgVGVzdCBTdHJpbmc=]
base-64 decoding: [3$Þ²Ô­®)à]
