##gff-version 3
chrI	SGD	chromosome	1	230208	.	.	.	ID=chrI;dbxref=NCBI:NC_001133
chrI	SGD	repeat_region	1	62	.	-	.	ID=TEL01L-TR;Name=TEL01L-TR;Note=Terminal stretch of telomeric repeats on the left arm of Chromosome I;dbxref=SGD:S000028864
chrI	SGD	telomere	1	801	.	-	.	ID=TEL01L;Name=TEL01L;Note=Telomeric region on the left arm of Chromosome I%3B composed of an X element core sequence%2C X element combinatorial repeats%2C and a short terminal stretch of telomeric repeats;dbxref=SGD:S000028862
chrI	SGD	repeat_region	63	336	.	-	.	ID=TEL01L-XR;Name=TEL01L-XR;Note=Telomeric X element combinatorial Repeat region on the left arm of Chromosome I%3B contains repeats of the D%2C C%2C B and A types%2C as well as Tbf1p binding sites%3B formerly called SubTelomeric Repeats;dbxref=SGD:S000028866
chrI	SGD	gene	335	649	.	+	.	ID=YAL069W;Name=YAL069W;Ontology_term=GO:0003674,GO:0005575,GO:0008150;Note=Dubious open reading frame unlikely to encode a protein%2C based on available experimental and comparative sequence data;dbxref=SGD:S000002143;orf_classification=Dubious
chrI	SGD	CDS	335	649	.	+	0	Parent=YAL069W;Name=YAL069W;Ontology_term=GO:0003674,GO:0005575,GO:0008150;Note=Dubious open reading frame unlikely to encode a protein%2C based on available experimental and comparative sequence data;dbxref=SGD:S000002143;orf_classification=Dubious
chrI	SGD	repeat_region	337	801	.	-	.	ID=TEL01L-XC;Name=TEL01L-XC;Note=Telomeric X element Core sequence on the left arm of Chromosome I%3B contains an ARS consensus sequence%2C an Abf1p binding site consensus sequence and two small overlapping ORFs (YAL068W-A and YAL069W);dbxref=SGD:S000028865
chrI	SGD	nucleotide_match	753	763	.	-	.	Parent=TEL01L-XC;Name=TEL01L-XC;Note=Telomeric X element Core sequence on the left arm of Chromosome I%3B contains an ARS consensus sequence%2C an Abf1p binding site consensus sequence and two small overlapping ORFs (YAL068W-A and YAL069W);dbxref=SGD:S000028865
chrI	SGD	binding_site	532	544	.	-	.	Parent=TEL01L-XC;Name=TEL01L-XC;Note=Telomeric X element Core sequence on the left arm of Chromosome I%3B contains an ARS consensus sequence%2C an Abf1p binding site consensus sequence and two small overlapping ORFs (YAL068W-A and YAL069W);dbxref=SGD:S000028865
chrI	SGD	gene	538	792	.	+	.	ID=YAL068W-A;Name=YAL068W-A;Ontology_term=GO:0003674,GO:0005575,GO:0008150;Note=Dubious open reading frame unlikely to encode a protein%3B identified by gene-trapping%2C microarray-based expression analysis%2C and genome-wide homology searching;dbxref=SGD:S000028594;orf_classification=Dubious
chrI	SGD	CDS	538	792	.	+	0	Parent=YAL068W-A;Name=YAL068W-A;Ontology_term=GO:0003674,GO:0005575,GO:0008150;Note=Dubious open reading frame unlikely to encode a protein%3B identified by gene-trapping%2C microarray-based expression analysis%2C and genome-wide homology searching;dbxref=SGD:S000028594;orf_classification=Dubious
chrI	SGD	ARS	650	1791	.	.	.	ID=ARS102;Name=ARS102;Alias=ARSI-1;Note=Autonomously Replicating Sequence;dbxref=SGD:S000121252
chrI	SGD	gene	1807	2169	.	-	.	ID=YAL068C;Name=YAL068C;gene=PAU8;Alias=PAU8;Ontology_term=GO:0003674,GO:0005575,GO:0030437,GO:0045944;Note=Hypothetical protein of unknown function%3B YAL068C is not an essential gene;dbxref=SGD:S000002142;orf_classification=Uncharacterized
chrI	SGD	CDS	1807	2169	.	-	0	Parent=YAL068C;Name=YAL068C;gene=PAU8;Alias=PAU8;Ontology_term=GO:0003674,GO:0005575,GO:0030437,GO:0045944;Note=Hypothetical protein of unknown function%3B YAL068C is not an essential gene;dbxref=SGD:S000002142;orf_classification=Uncharacterized
chrI	SGD	gene	2480	2707	.	+	.	ID=YAL067W-A;Name=YAL067W-A;Ontology_term=GO:0003674,GO:0005575,GO:0008150;Note=Putative protein of unknown function%3B identified by gene-trapping%2C microarray-based expression analysis%2C and genome-wide homology searching;dbxref=SGD:S000028593;orf_classification=Uncharacterized
chrI	SGD	CDS	2480	2707	.	+	0	Parent=YAL067W-A;Name=YAL067W-A;Ontology_term=GO:0003674,GO:0005575,GO:0008150;Note=Putative protein of unknown function%3B identified by gene-trapping%2C microarray-based expression analysis%2C and genome-wide homology searching;dbxref=SGD:S000028593;orf_classification=Uncharacterized
chrI	SGD	gene	7236	9017	.	-	.	ID=YAL067C;Name=YAL067C;gene=SEO1;Alias=SEO1;Ontology_term=GO:0005215,GO:0006810,GO:0016020;Note=Putative permease%2C member of the allantoate transporter subfamily of the major facilitator superfamily%3B mutation confers resistance to ethionine sulfoxide;dbxref=SGD:S000000062;orf_classification=Verified
chrI	SGD	CDS	7236	9017	.	-	0	Parent=YAL067C;Name=YAL067C;gene=SEO1;Alias=SEO1;Ontology_term=GO:0005215,GO:0006810,GO:0016020;Note=Putative permease%2C member of the allantoate transporter subfamily of the major facilitator superfamily%3B mutation confers resistance to ethionine sulfoxide;dbxref=SGD:S000000062;orf_classification=Verified
chrI	SGD	ARS	7998	8548	.	.	.	ID=ARS103;Name=ARS103;Alias=ARSI-8;Note=Autonomously Replicating Sequence;dbxref=SGD:S000121253
chrI	SGD	gene	10092	10400	.	+	.	ID=YAL066W;Name=YAL066W;Ontology_term=GO:0003674,GO:0005575,GO:0008150;Note=Dubious open reading frame unlikely to encode a protein%2C based on available experimental and comparative sequence data;dbxref=SGD:S000000061;orf_classification=Dubious
chrI	SGD	CDS	10092	10400	.	+	0	Parent=YAL066W;Name=YAL066W;Ontology_term=GO:0003674,GO:0005575,GO:0008150;Note=Dubious open reading frame unlikely to encode a protein%2C based on available experimental and comparative sequence data;dbxref=SGD:S000000061;orf_classification=Dubious
chrI	SGD	gene	11566	11952	.	-	.	ID=YAL065C;Name=YAL065C;Ontology_term=GO:0003674,GO:0005575,GO:0008150;Note=Putative protein of unknown function%3B has homology to FLO1%3B possible pseudogene;dbxref=SGD:S000001817;orf_classification=Uncharacterized
chrI	SGD	CDS	11566	11952	.	-	0	Parent=YAL065C;Name=YAL065C;Ontology_term=GO:0003674,GO:0005575,GO:0008150;Note=Putative protein of unknown function%3B has homology to FLO1%3B possible pseudogene;dbxref=SGD:S000001817;orf_classification=Uncharacterized
chrI	SGD	gene	12047	12427	.	+	.	ID=YAL064W-B;Name=YAL064W-B;Ontology_term=GO:0003674,GO:0005575,GO:0008150;Note=Fungal-specific protein of unknown function;dbxref=SGD:S000002141;orf_classification=Uncharacterized
chrI	SGD	CDS	12047	12427	.	+	0	Parent=YAL064W-B;Name=YAL064W-B;Ontology_term=GO:0003674,GO:0005575,GO:0008150;Note=Fungal-specific protein of unknown function;dbxref=SGD:S000002141;orf_classification=Uncharacterized
chrI	SGD	gene	13364	13744	.	-	.	ID=YAL064C-A;Name=YAL064C-A;gene=TDA8;Alias=TDA8,YAL065C-A;Ontology_term=GO:0003674,GO:0005575,GO:0008150;Note=Putative protein of unknown function%3B YAL064C-A is not an essential gene;dbxref=SGD:S000002140;orf_classification=Uncharacterized
chrI	SGD	CDS	13364	13744	.	-	0	Parent=YAL064C-A;Name=YAL064C-A;gene=TDA8;Alias=TDA8,YAL065C-A;Ontology_term=GO:0003674,GO:0005575,GO:0008150;Note=Putative protein of unknown function%3B YAL064C-A is not an essential gene;dbxref=SGD:S000002140;orf_classification=Uncharacterized
chrI	SGD	gene	21526	21852	.	+	.	ID=YAL064W;Name=YAL064W;Ontology_term=GO:0003674,GO:0005575,GO:0008150;Note=Protein of unknown function%3B may interact with ribosomes%2C based on co-purification experiments;dbxref=SGD:S000000060;orf_classification=Verified
chrI	SGD	CDS	21526	21852	.	+	0	Parent=YAL064W;Name=YAL064W;Ontology_term=GO:0003674,GO:0005575,GO:0008150;Note=Protein of unknown function%3B may interact with ribosomes%2C based on co-purification experiments;dbxref=SGD:S000000060;orf_classification=Verified
chrI	SGD	long_terminal_repeat	22232	22554	.	+	.	ID=YALWdelta1;Name=YALWdelta1;Ontology_term=SO:0000286;Note=Ty1 LTR;dbxref=SGD:S000006787
chrI	SGD	gene	22397	22687	.	-	.	ID=YAL063C-A;Name=YAL063C-A;Ontology_term=GO:0003674,GO:0005575,GO:0008150;Note=Putative protein of unknown function%3B identified by expression profiling and mass spectrometry;dbxref=SGD:S000028813;orf_classification=Uncharacterized
chrI	SGD	CDS	22397	22687	.	-	0	Parent=YAL063C-A;Name=YAL063C-A;Ontology_term=GO:0003674,GO:0005575,GO:0008150;Note=Putative protein of unknown function%3B identified by expression profiling and mass spectrometry;dbxref=SGD:S000028813;orf_classification=Uncharacterized
chrI	landmark	region	24001	27969	.	-	.	ID=FLO9
chrXVI	SGD	gene	101608	102702	.	-	.	ID=YPL236C;Name=YPL236C;gene=ENV7;Alias=ENV7;Ontology_term=GO:0000329,GO:0004674,GO:0008150;Note=;dbxref=SGD:S000006157;orf_classification=Uncharacterized
chrXVI	SGD	CDS	101608	102702	.	-	0	Parent=YPL236C;Name=YPL236C;gene=ENV7;Alias=ENV7;Ontology_term=GO:0000329,GO:0004674,GO:0008150;Note=;dbxref=SGD:S000006157;orf_classification=Uncharacterized
