Clustering by numeric value:
(2.562:13.375:
 (9.250:5.500:
  (6.500:2.000:
   (7.500:1.000:
    {8.000},
    {7.000}
   ),
   (5.500:1.000:
    {6.000},
    {5.000}
   )
  ),
  {12.000}
 ),
 (-4.125:5.750:
  (-1.250:3.500:
   {-3.000},
   (0.500:1.000:
    {1.000},
    {0.000}
   )
  ),
  (-7.000:2.000:
   {-6.000},
   {-8.000}
  )
 )
)
Clustering by haplotype similarity:
(NNNNN:2.250000:
 (NTANN:1.000000:
  (CTAGG:0.000000:
   (CTAGG:0.000000:
    {CTAGG},
    {CTAGG}
   ),
   (CTAGG:0.000000:
    {CTAGG},
    (CTAGG:0.000000:
     {CTAGG},
     {CTAGG}
    )
   )
  ),
  (NTATN:0.500000:
   (CTATA:0.000000:
    (CTATA:0.000000:
     {CTATA},
     {CTATA}
    ),
    (CTATA:0.000000:
     {CTATA},
     (CTATA:0.000000:
      {CTATA},
      {CTATA}
     )
    )
   ),
   (GTATG:0.000000:
    (GTATG:0.000000:
     {GTATG},
     {GTATG}
    ),
    (GTATG:0.000000:
     {GTATG},
     (GTATG:0.000000:
      {GTATG},
      {GTATG}
     )
    )
   )
  )
 ),
 (GCGTN:0.250000:
  (GCGTA:0.000000:
   (GCGTA:0.000000:
    {GCGTA},
    {GCGTA}
   ),
   (GCGTA:0.000000:
    {GCGTA},
    (GCGTA:0.000000:
     {GCGTA},
     {GCGTA}
    )
   )
  ),
  (GCGTC:0.000000:
   (GCGTC:0.000000:
    {GCGTC},
    {GCGTC}
   ),
   (GCGTC:0.000000:
    {GCGTC},
    (GCGTC:0.000000:
     {GCGTC},
     {GCGTC}
    )
   )
  )
 )
)
