3490 ok
3491 ok
3492 ok
3493 ok
3494 ok
3495 ok
3496 ok
3497 ok
3498 ok
3499 ok
3500 ok
3501 ok
3502 ok
