content-type: multipart/form-data, boundary=AaB03x
nested MIME structure

 content-disposition: form-data; name="field1"
 main:[form-data]
 name:[field1]
 size:[8]
 data:[Joe Blow]

 content-disposition: form-data; name="pics"
 main:[form-data]
 name:[pics]
 content-type: multipart/mixed, boundary=BbC04y
 size:[0]
 data:[(null)]

 nested MIME structure

  content-disposition: attachment; filename="file1.txt"
  main:[attachment]
  name:[(null)]
  filename:[file1.txt]
  content-type: text/plain
  size:[29]
  data:[... contents of file1.txt ...]

  content-disposition: attachment; filename="file2.gif"
  main:[attachment]
  name:[(null)]
  filename:[file2.gif]
  content-type: image/gif
  content-transer-encoding: binary
  size:[29]
  data:[  ...contents of file2.gif...]

  content-disposition: attachment; filename="file3.gif"
  main:[attachment]
  name:[(null)]
  filename:[file3.gif]
  content-type: image/gif
  content-transer-encoding: binary
  size:[29]
  data:[  ...contents of file3.gif...]

