content-type: multipart/form-data, boundary=AaB03x
nested MIME structure

 content-disposition: form-data; name="field1"
 main:[form-data]
 name:[field1]
 size:[8]
 data:[Joe Blow]

 content-disposition: form-data; name="pics"; filename="file1.txt"
 main:[form-data]
 name:[pics]
 filename:[file1.txt]
 content-type: text/plain
 size:[30]
 data:[ ... contents of file1.txt ...]

