content-type: multipart/form-data; boundary=----------0xKhTmLbOuNdArY
nested MIME structure

 content-disposition: form-data; name="hgsid"
 main:[form-data]
 name:[hgsid]
 size:[0]
 data:[]

 content-disposition: form-data; name="org"
 main:[form-data]
 name:[org]
 size:[0]
 data:[]

 content-disposition: form-data; name="db"
 main:[form-data]
 name:[db]
 size:[0]
 data:[]

 content-disposition: form-data; name="type"
 main:[form-data]
 name:[type]
 size:[0]
 data:[]

 content-disposition: form-data; name="sort"
 main:[form-data]
 name:[sort]
 size:[0]
 data:[]

 content-disposition: form-data; name="output"
 main:[form-data]
 name:[output]
 size:[0]
 data:[]

 content-disposition: form-data; name="userSeq"
 main:[form-data]
 name:[userSeq]
 size:[0]
 data:[]

 content-disposition: form-data; name="Submit"
 main:[form-data]
 name:[Submit]
 size:[0]
 data:[]

 content-disposition: form-data; name="seqFile"; filename=""
 main:[form-data]
 name:[seqFile]
 filename:[]
 size:[0]
 data:[]

