original input: [taxes are quite high ]
quoted-printable encoding: [taxes=20are=20quite=20high=20=]
quoted-p decoding: [taxes are quite high 
]
