*** First (up to) 10 lines from query on 2:26790860-194631353:
2	26790860	ns17	T	<INS>	.	.	CIPOS=0,0;END=26790860;CIEND=-0,0;SAMPLE=NA12878,NA12891,NA12892;PT=SLX;AL=SOAP;SVLEN=2387;INSSEQ=GGGCCCTCCATCTGGAGTGGCTGGGGCATAGACAGGGCACAGTGCCCTTTGGACCAGAGCAAGTATAGGGGACTTCTGAAAGGAAACAGTGCCACATAGCTAACGTCAAAGGCCAGCAGGCAGAAGCCCAGCCCTCTCCCTCCCGTCCCTCAGGCTGCATTGTTCCTGTCTCTGCCTTGCTCTGCCTTTCTCGGGCTTCTCTTCCCCCGCATGTGGCTTGGGCTTACCCTGGTCCCAGCCAGGACTCACCTCTTTCTAACCCTGCAGCTCAGCCCCTCACAGCTGACCCAGCCCCTCAGCCCATCACAATTCCTGGAAGAGAGAATGTGAATTGCTAAGCCCAGCCAAGTCCTCTCAGCCCAGGTGCCCAACCCTGGTCCAATCTGCTCTGGTGCCAGGATGACATGGTACAAAGGGGCTGCCTAGGTCCTCCCTTGACTAGGGTTGCTGTAGGACAGACAGTTCCAAAAAGGTAGAAGCGGGCAGAGCCCGCAACTATGCCCACCACAGAGAGCCTCCCTGGATCCCTGACCCCTGCACTCCAGCTTCCCCCTCTCACCTCCTGCTCTGTCTGGCTCAGGGCCACACTGACACATCCCTAGGACAGAAAGGACAGGCTACCCAACTTCAGGGTGCATCTACCTGGCAGAAAGCAGGGTGGGGCGAGGCTCAGGAGAGAGGAGCTTTGGCTAGGAAGGCCTCTTCCATCCTCACAGTTTGAGCACCTGCTGTATGCACGGCACCAAGACTGCAAGGCCAGATTCTGCCTAGAGTGGAGTACAATGGTCTTGGGATGTTGGCCTGTTGGACATGCTTTCTATGCGCTTTGACAAAGGGAGTGGTCCTGGGGACATCTGAGGGGGTCAGACAAGGTTGAATCCTACCTTTGCCAATTTTTATCTGTGTGACCTTGGGCCAGCAGTGTCTAACCTTCCTGAACCTTAGTTTCCCCATCAAAAAGGAGCAAATCATGGCCACCTTCAGGTCATGGGGAACATTAGGGATAACAAGTGTGAGGGCATCCAGGTTCCCTGCCACCATTGCCACTGTTCACGGAGGATACCATAGCACAGGCTCCGCTCAGGCGTGTGAATGCCTCCCTTTCTCGCCCTTACTTCCTATGCTCCATCCTCTGCATTCCCACCTGCAGCCCAGACTCAGCTGCACAGAGGGGAGGCCAGCAGGACAGCACCCACGCAGGGGTCCAGGCCTGAGCCCTGACCACCTCCCAAAAGGCTTGTCCAGTGCCCAGCACCCTTCCGTGTGAGCCAGCCCTCATCCCCCGTGCTGTGTAGGCAGACTTGACTAAAAGGAGCTTTGCTCAGAGTCACCGCTGTACATAAGGAGATGGGTAAATAGGCCAGCCAGCGCCTGCCAAGAGAGGCCCACCGAGTGGCAGAGATGGATGTGACGTGGGGAGAGCAGAGGAGGCTCCTGGGGCCACAGCAGGAAGGAGGCTTCCTGGGGGAAGGCAAGGTGCAGGGGGAGGAACAGCCTAGCACTGCATCAACGTAGGAGAGGTGCTGACTATTGAGAAAGGAAGGGAGGTCTCTGCACTAACTCTATAAATCTGAAACTGTTCTAAATTTAAAAGTTGGTTTTAAAACATAGTAAATGGCAAACAAACCAGAAAAGAAAGAAAGAAGGAGGAAAAGAGAGAGTGTAGCCTCAGACATTGACCTTGATCCAATCTGTAGTGACAACCAGGGCCAAGCAGCTCTGCACACCAGCCAGGTGTTCACACTGACTCTGAACAATGTTTCCAGGTGTCCAGGGTCATCTTCCAAGGCTGCAAGACGTGGAAAATGCCATGCTTCCAGCCACAGGAACGCTGGCAAGATGCCTGGGCCTTCTGACTCCCTTTCCAGGTTCCTGGGTCCCGCTTTCACCGAATGGGCCCCTCTGGCACAGATGTATCATATCCTGGGGCAAATCTTTGCTCAGAGCCATTTCCCACCTGCCTGCTGGCAACTGTTTTAGAACAGTTTCAGATTTCTAGAGTTAGTGCAAAGACCTCCCTGCCTTTCTCAACAAGTCTTTGTTCCCAGAGGGCAAGATCCAGCTGGCCTGTCTCTGCATCCTCTCTTCACTTAGCCTAGTGCCTGGCACAGAGTAGTAGGTGCTTAAGAAATGTTTGCCAATTAATTAATTAAGACAAGCTAAGAGGGAATAAAGCCATTTTCGCCTTGCTGATTTTCCAGATGATATTCTTGAGACCAGGCAAGTGCCGCAGGCTCCCTGGGGACCCTGCTTCCCACTCAGCCTCCCCAGGCAGCTCCCTCTGCCAGAGGCAGGGTGTCTTCTTCCAGGGCTGGCCATGAGCCCCCAACAGGCGGCCTCCTGCCATTTGGCTCAGGCCAGTGGATGGGTCCTCTGTGGAGACCCAG
2	46973364	ns18	GTTCAGTCCTGTGGGACTTGAGCCACTGAGG	<INS>	.	.	NOVEL;CIPOS=0,0;END=46973364;CIEND=-0,0;SAMPLE=NA12878;PT=SLX/454;AL=Cortex_DeNovo;SVLEN=73;INSSEQ=GCCGTCAATGGCCATGCCCCATCCTGTCCTCTTGGGCTGTACCCTCAGCTGGGGGCAGGGGACCCTCAGCCTGCTTCAGTCCTGTGGGACTTGAGCCACTGAGG
2	76637610	ns19	G	<INS>	.	.	NOVEL;CIPOS=0,0;END=76637610;CIEND=-0,0;SAMPLE=NA12878;PT=SLX/454;AL=Cortex_Ref,CortexDeNovo;SVLEN=172;INSSEQ=CAGGAGTTGGGCTGAGATTAAAACATAAAGTTACTAGATCCACAGTCAATTCATTGACCATGCTCTTCATTTGAGAAAACACTTAATGCTTGTTTCCCACTTTGTTCCTTTAAATTGCTACAATTCCAGGGTTATTTCAGAGAACTCTCTTTTCGCAATAATTATAAGAATT
2	171613233	ns20	C	<INS>	.	.	NOVEL;CIPOS=0,354;END=171613587;CIEND=-354,0;SAMPLE=NA12878;PT=SLX/454;AL=Cortex_Ref;SVLEN=72;INSSEQ=TCTAATATCACAAGGACATTATTGTGATATCACAATAATCACACAATAATCAAACAAGAGTTTGATATCTGC
2	194631353	ns21	G	<INS>	.	.	NOVEL;CIPOS=0,0;END=194631353;CIEND=-0,0;SAMPLE=NA12878,NA12891,NA12892;PT=SLX;AL=SOAP;SVLEN=1421;INSSEQ=TAGAGAAGCATGCCTATTCATGGATTGGAATGCCTGATATAAGAAAGAGCTAATTCTCCCAAATGTATCTATAGGTTTATTGTAATTAATTTCTTTCAAGCTCCCTGAAAGTCTCTTATGTAAATAGATAGTAAATACATAAATTTACTCTAAAATGTACGTGGAAGGACAAAGGTCCTAGAATAGCTGAACATTGACATAACTCACATTTTATGCAAAAATAGATTCACAATCAACCATGGAGTTTAATGTGAAATGTTAATGTATAAAATTTAGAAAAACATATGAGAAAAGCTTCAGGAAAAAGGGCTAAGCAAATGGTTCTTAGATTTGACACCAAATTCATTACTGATAAAAGGCAAAATAAGTTGGAGTTCAGGAAAATTAAAAACATTTGCTTAGCAGAAGCTCATGTGAAGATAAAAAGATAAGTTACATACTCTGAGAAAATATTTTCAAACCACATATACAATTAAAATCAAGAATGTGAAAAGAACTCTCAAAACGTAACCATAAAACAACATAAAACCCAATTGTAAAATAGGAAACAAACATGAACAGAAATTTTGCTGAAAAGAAAGTATAAATGATAATACAAACATAAAAAGATGTTTAACTTCAGTAGTCATTATTTAAGTGTAATTTAAAAACAATCATAAGAGATCACTATAGACATAACAGAATTTGTAAATTAAAACAAAACAACAAGTAGAGCACCAAAAATAGCAAATACATAAAAATTGAATCACTCATGCATTAATGAGGGAAAATTGTTTGACAATTCTTTATAAAATAAAACATTTAATTAGCAATGACCCAGAAACCCTTGGACATTTATCCCAGAGAAATAAAACTTGCATTCACAACAAACAAACAAAACATCTGTACAATAATATTCACACTATCTTTATTTGTCATAGCTGAAACCTGGAAACAGCTCAGATGTCCTTAAGCAGGTGAATAGTTAAACAAAGGGTGTTAATACATTCCACTAGATATAACACGACAATAATAAAAAGAAACCAAGCATTAGTACACTTAACAACTTAGATGAATCTCCAGGAAATATGCTTAGTAAAGAAAGTCAAATCCAAGAGGTTATATACCATATGATTTGCTTTATATAATATTTTTGAAATGGTAACATCTTAGAATGTTACCATTTCAAACCATAAATGGAGAACAGATTTATGGTTGCGTGGACTATTAGGGATGGATTTGTAGGTTCTTGTGGTGGTAGCAGTGGTAGAGTGAGGCAAGAGTGAGGTGGGTGTGTCTATAAAAAAGCACCAGAATAAATCCAGAGGAATCCTTGTAGTACTGACACTATCCACTATCTCCACTGTGTTGGTGGATACTCAAACCTACACAGGTGATAAAATTGTAAGAACTTACAGTAGATAAACACACACACACACACA
