*** First (up to) 10 lines from query on 2:26793738-26794385:
2	26793738	rs1662988	C	T	.	PASS	AA=C;AC=73;AN=118;DP=227;HM2;HM3	GT:DP:CB	1|0:1:SMB	1|1:3:SMB	1|0:1:SMB	0|1:3:SMB	1|1:3:SMB	1|1:6:SMB	1|1:5:SMB	1|1:11:SMB	1|1:4:SMB	0|1:7:SMB	0|0:6:SMB	1|1:1:SMB	1|1:2:SMB	1|0:6:SMB	0|0:6:SMB	0|0:3:SM	1|1:5:SMB	1|0:3:SMB	1|1:3:SMB	1|1:2:MB	1|1:4:SMB	0|1:5:SMB	0|0:4:SMB	1|1:3:SMB	1|0:2:SMB	1|1:4:SMB	0|0:8:SMB	1|1:3:SMB	0|1:2:SMB	1|0:1:SMB	1|1:8:SMB	1|1:6:SMB	1|0:14:SMB	0|0:5:SMB	1|0:2:SMB	1|1:2:SMB	1|0:4:SMB	0|0:2:SMB	0|1:6:SMB	1|1:6:SMB	1|0:4:SMB	1|0:2:SMB	0|1:0:SB	0|1:3:SMB	1|1:1:SMB	1|1:4:SMB	1|1:5:SMB	0|0:3:SMB	0|0:2:SMB	1|1:5:SMB	1|1:0:SMB	0|0:7:SMB	0|1:0:SMB	0|1:2:SMB	1|0:3:SMB	1|1:0:SMB	0|1:4:SB	0|0:5:SMB	1|0:5:SMB
2	26793756	.	A	G	.	PASS	AA=A;AC=1;AN=118;DP=237	GT:DP:CB	0|0:1:SMB	0|0:0:SMB	0|0:5:SMB	0|0:2:SMB	0|0:5:SMB	0|0:8:SMB	0|0:4:SMB	0|0:7:SMB	0|0:3:SMB	0|0:4:SMB	0|0:3:SMB	0|0:2:SMB	0|0:1:SMB	0|0:5:SMB	0|0:8:SMB	0|0:3:SMB	0|0:7:SMB	0|0:4:SMB	0|0:3:SMB	0|0:2:SMB	0|0:4:SMB	0/1:8:SMB	0|0:8:SMB	0|0:5:SMB	0|0:5:SMB	0|0:5:SMB	0|0:4:SMB	0|0:2:SMB	0|0:3:SMB	0|0:3:SMB	0|0:10:SMB	0|0:5:SMB	0|0:7:SMB	0|0:10:SMB	0|0:1:SMB	0|0:1:SMB	0|0:4:SMB	0|0:3:SMB	0|0:10:SMB	0|0:3:SMB	0|0:4:SMB	0|0:2:SMB	0|0:0:SMB	0|0:3:SMB	0|0:1:SMB	0|0:6:SMB	0|0:5:SMB	0|0:2:SMB	0|0:1:SMB	0|0:4:SMB	0|0:3:SMB	0|0:4:SMB	0|0:2:SMB	0|0:5:SMB	0|0:4:SMB	0|0:2:SMB	0|0:1:SMB	0|0:4:SMB	0|0:6:SMB
2	26793798	rs12468863	C	T	.	PASS	AA=C;AC=11;AN=118;DP=227;HM2	GT:DP:CB	0|0:1:SMB	0|0:1:SMB	0|0:4:SMB	0|0:5:SMB	0|0:7:SMB	0|0:3:SMB	0|0:10:SMB	0|0:4:SMB	0|0:2:SMB	1|0:4:SMB	1|0:3:SMB	0|0:2:SMB	0|0:2:SMB	0|0:2:SMB	0|0:2:SMB	0|0:0:SMB	0|0:5:SMB	0|0:3:SMB	0|0:4:SMB	0|0:1:SMB	0|0:5:SMB	0|0:3:SMB	1|0:5:SMB	0|0:8:SMB	0|0:4:SMB	0|0:5:SMB	0|0:9:SMB	0|0:4:SMB	0|0:8:SMB	0|0:1:SMB	0|0:6:SMB	0|0:4:SMB	0|1:9:SMB	1|1:6:SMB	0|1:1:SMB	0|0:2:SMB	0|0:5:SMB	0|0:0:SMB	0|0:11:SMB	0|0:6:SMB	0|0:5:SMB	0|0:2:SMB	0|0:1:SMB	0|0:8:SMB	0|0:4:SMB	0|0:2:SMB	0|0:1:SMB	0|0:4:SMB	1|0:6:SMB	0|0:4:SMB	0|0:1:SMB	0|1:2:SMB	0|0:5:SMB	1|0:1:SMB	0|1:1:SMB	0|0:3:SMB	0|0:4:SMB	0|0:2:SMB	0|0:4:SMB
2	26794095	rs4233713	C	T	.	PASS	AA=C;AC=74;AN=118;DP=176	GT:DP:CB	1|0:4:SMB	1|1:3:SMB	1|0:1:SMB	0|1:2:SMB	1|1:5:SMB	1|1:2:SMB	1|1:0:SMB	1|1:5:SMB	1|1:6:SMB	0|1:4:SMB	0|0:0:SB	1|1:0:SMB	1|1:1:SB	1|0:5:SMB	0|0:4:SMB	1|0:0:SMB	1|1:2:SMB	1|1:3:SMB	1|1:4:SMB	1|1:1:SMB	1|1:4:SMB	0|1:3:SMB	0|0:3:SMB	1|1:3:SMB	1|0:3:SMB	1|1:7:SMB	0|0:2:SMB	1|1:3:SMB	0|1:9:SMB	1|0:2:SMB	1|1:5:MB	1|1:4:SMB	1|0:5:SMB	0|0:7:SMB	1|0:0:SB	1|1:2:SMB	0|0:2:SM	0|0:4:SMB	1|1:14:SMB	0|1:3:MB	1|0:3:SMB	1|0:4:SMB	0|1:1:SMB	0|1:5:MB	1|1:1:SMB	1|1:0:SMB	1|1:2:SMB	0|0:0:SMB	0|0:1:SMB	1|1:3:SMB	1|1:1:SMB	0|0:3:SMB	0|1:2:SMB	0|1:1:SB	1|0:0:SMB	1|1:3:SMB	0|1:1:SMB	0|0:3:SMB	1|0:5:SMB
2	26794307	rs1662989	G	A	.	PASS	AA=G;AC=76;AN=118;DP=248	GT:DP:CB	1|0:0:SMB	1|1:1:SMB	1|0:2:SMB	0|1:4:SMB	1|1:8:SMB	1|1:4:SMB	1|1:8:SMB	1|1:6:SMB	1|1:2:SMB	0|1:4:SMB	0|0:2:SMB	1|1:4:SMB	1|1:3:SMB	1|0:1:SMB	0|0:5:SMB	1|0:2:SMB	1|1:8:SMB	1|1:4:SMB	1|1:6:SMB	1|1:4:SMB	1|1:7:SMB	0|1:8:SMB	0|0:4:SMB	1|1:3:SMB	1|0:7:SMB	1|1:4:SMB	0|0:14:SMB	1|1:3:SMB	0|1:7:SMB	1|0:0:SMB	1|1:6:SMB	1|1:5:SMB	1|0:13:SMB	0|0:7:SMB	1|0:0:SMB	1|1:2:SMB	1|0:4:SMB	0|0:4:SMB	1|1:11:SMB	1|1:6:SMB	1|0:2:SMB	1|0:4:SMB	0|1:1:SMB	0|1:11:SMB	1|1:2:SMB	1|1:2:SMB	1|1:2:SMB	0|0:1:SMB	0|0:2:SMB	1|1:1:SMB	1|1:1:SMB	0|0:4:SMB	0|1:4:SMB	0|1:1:SMB	1|0:3:SMB	1|1:3:SMB	0|1:2:SMB	0|0:5:SMB	1|0:4:SMB
2	26794385	rs1731238	C	T	.	PASS	AA=C;AC=76;AN=118;DP=242	GT:DP:CB	1|0:2:SMB	1|1:6:SMB	1|0:3:SMB	0|1:3:SMB	1|1:7:SMB	1|1:5:SMB	1|1:6:SMB	1|1:6:SMB	1|1:4:SMB	0|1:6:SMB	0|0:4:SMB	1|1:2:SMB	1|1:2:SMB	1|0:3:SMB	0|0:4:SMB	1|0:5:SMB	1|1:4:SMB	1|1:1:SMB	1|1:3:SMB	1|1:3:SMB	1|1:5:SMB	0|1:5:SMB	0|0:3:SMB	1|1:8:SMB	1|0:8:SMB	1|1:4:SMB	0|0:5:SMB	1|1:7:SMB	0|1:11:SMB	1|0:1:SMB	1|1:5:SMB	1|1:3:SMB	1|0:8:SMB	0|0:7:SMB	1|0:1:SMB	1|1:3:SMB	1|0:4:SMB	0|0:1:SMB	1|1:7:SMB	1|1:4:SMB	1|0:1:SMB	1|0:3:SMB	0|1:1:SB	0|1:4:SMB	1|1:4:SMB	1|1:0:SMB	1|1:4:SMB	0|0:8:SMB	0|0:1:SMB	1|1:3:SMB	1|1:3:SMB	0|0:7:SMB	0|1:4:SMB	0|1:3:SMB	1|0:5:SMB	1|1:4:SMB	0|1:1:SB	0|0:3:SMB	1|0:4:SMB
