Finished parsing "input/YRI.trio.2010_06.novelsequences.sites.vcf.gz" items in 2:26790860-194631353, got 5 data rows
First (up to) 100 rows in range:
2	26790859	26790860	ns17:T/<INS>	.
2	46973363	46973364	ns18:GTTCAGTCCTGTGGGACTTGAGCCACTGAGG/<INS>	.
2	76637609	76637610	ns19:G/<INS>	.
2	171613232	171613587	ns20:C/<INS>	.
2	194631352	194631353	ns21:G/<INS>	.
