Finished parsing "input/20091110_pilot1_vcf_merged_call_sets_YRI.2and3_way.vcf.gz" items in 1:3001-50000, got 14 data rows
First (up to) 100 rows in range:
1	3164	3165	.:C/T	145.1
1	4769	4770	.:A/G	379.5
1	4792	4793	.:A/G	846.1
1	6119	6120	.:G/C	128.6
1	6240	6241	.:T/C	100.5
1	9651	9652	.:G/A	6.5
1	9992	9993	.:G/A	730.4
1	16861	16862	.:A/G	138.9
1	18425	18426	.:A/G	176.1
1	20747	20748	.:T/C	51.9
1	39160	39161	.:T/C	223.9
1	44570	44571	.:G/C	20.1
1	45161	45162	.:C/T	668.7
1	48676	48677	.:G/A	245.9
