Finished parsing "input/YRI.low_coverage.2010_07_excerpt.genotypes.vcf.gz" items in 2:26793738-26794385, got 6 data rows
First (up to) 100 rows in range:
2	26793737	26793738	rs1662988:C/T	.
2	26793755	26793756	.:A/G	.
2	26793797	26793798	rs12468863:C/T	.
2	26794094	26794095	rs4233713:C/T	.
2	26794306	26794307	rs1662989:G/A	.
2	26794384	26794385	rs1731238:C/T	.
