#hg19.pgNA12878.bin	hg19.pgNA12878.chrom	hg19.pgNA12878.chromStart	hg19.pgNA12878.chromEnd	hg19.pgNA12878.name	hg19.pgNA12878.alleleCount	hg19.pgNA12878.alleleFreq	hg19.pgNA12878.alleleScores	hg19.knownGene.name	hg19.knownGene.chrom	hg19.knownGene.strand	hg19.knownGene.txStart	hg19.knownGene.txEnd	hg19.knownGene.cdsStart	hg19.knownGene.cdsEnd	hg19.knownGene.exonCount	hg19.knownGene.exonStarts	hg19.knownGene.exonEnds	hg19.knownGene.proteinID	hg19.knownGene.alignID
590	chr1	705881	705882	A/G	2	0,0	100,100	uc001abo.3	chr1	-	700244	714068	700244	700244	7	700244,701708,703927,704876,708355,709550,713663,	700627,701767,703993,705092,708487,709660,714068,		uc001abo.3
590	chr1	752565	752566	A	1	0	100												
590	chr1	752720	752721	G	1	0	100												
