#input/annoGrator/pgForTestingGpFx.pgSnp.tab.bin	input/annoGrator/pgForTestingGpFx.pgSnp.tab.chrom	input/annoGrator/pgForTestingGpFx.pgSnp.tab.chromStart	input/annoGrator/pgForTestingGpFx.pgSnp.tab.chromEnd	input/annoGrator/pgForTestingGpFx.pgSnp.tab.name	input/annoGrator/pgForTestingGpFx.pgSnp.tab.alleleCount	input/annoGrator/pgForTestingGpFx.pgSnp.tab.alleleFreq	input/annoGrator/pgForTestingGpFx.pgSnp.tab.alleleScores	hg19.knownGene.name	hg19.knownGene.chrom	hg19.knownGene.strand	hg19.knownGene.txStart	hg19.knownGene.txEnd	hg19.knownGene.cdsStart	hg19.knownGene.cdsEnd	hg19.knownGene.exonCount	hg19.knownGene.exonStarts	hg19.knownGene.exonEnds	hg19.knownGene.proteinID	hg19.knownGene.alignID	hg19.knownGene.allele	hg19.knownGene.transcript	hg19.knownGene.soNumber	hg19.knownGene.detailType	hg19.knownGene.detail0	hg19.knownGene.detail1	hg19.knownGene.detail2	hg19.knownGene.detail3	hg19.knownGene.detail4	hg19.knownGene.detail5	hg19.knownGene.detail6	hg19.knownGene.detail7	hg19.knownGene.detail8	hg19.knownGene.detail9	hg19.knownGene.detail10	hg19.knownGene.hgvsG	hg19.knownGene.hgvsCN	hg19.knownGene.hgvsP
751	chr1	21806618	21806621	CTG/TTT	2	21,29	126,126	uc001bes.4	chr1	+	21766582	21811393	21795215	21809879	18	21766582,21771440,21792579,21793488,21794933,21795180,21797124,21798061,21799335,21799872,21801392,21804636,21805841,21806543,21807422,21808089,21808976,21809635,	21766841,21771712,21792649,21793802,21795078,21795390,21797227,21798276,21799408,21800078,21801444,21804800,21805893,21806716,21807474,21808262,21809028,21811393,	Q9H094	uc001bes.4	CTG	uc001bes.4	1583	1	13	18	2210	TTT	CTG	1115	372	F	C	CCTTTT	CCCTGT			
751	chr1	21806618	21806621	CTG/TTT	2	21,29	126,126	uc001ber.4	chr1	+	21766582	21811393	21771579	21809879	15	21766582,21771440,21795180,21797124,21798061,21799335,21799872,21801392,21804636,21805841,21806543,21807422,21808089,21808976,21809635,	21766841,21771712,21795390,21797227,21798276,21799408,21800078,21801444,21804800,21805893,21806716,21807474,21808262,21809028,21811393,	Q9H094	uc001ber.4	CTG	uc001ber.4	1583	1	10	15	1681	TTT	CTG	1283	428	F	C	CCTTTT	CCCTGT			
751	chr1	21806618	21806621	CTG/TTT	2	21,29	126,126	uc009vqb.4	chr1	+	21766582	21811393	21771579	21809879	15	21766582,21771440,21795180,21797124,21798061,21799335,21799872,21801392,21804561,21805841,21806543,21807422,21808089,21808976,21809635,	21766841,21771712,21795390,21797227,21798276,21799408,21800078,21801444,21804689,21805893,21806716,21807474,21808262,21809028,21811393,	Q9H094-3	uc009vqb.4	CTG	uc009vqb.4	1583	1	10	15	1645	TTT	CTG	1247	416	F	C	CCTTTT	CCCTGT			
751	chr1	21806618	21806621	CTG/TTT	2	21,29	126,126	uc010odm.3	chr1	+	21766582	21811393	21771579	21809879	14	21766582,21771440,21797124,21798061,21799335,21799872,21801392,21804636,21805841,21806543,21807422,21808089,21808976,21809635,	21766841,21771712,21797227,21798276,21799408,21800078,21801444,21804800,21805893,21806716,21807474,21808262,21809028,21811393,	I3L0I8	uc010odm.3	CTG	uc010odm.3	1583	1	9	14	1471	TTT	CTG	1073	358	F	C	CCTTTT	CCCTGT			
1249	chr1	87045901	87045907	-	1	50	47	uc009wcs.3	chr1	+	87012758	87046432	87012802	87046028	14	87012758,87025614,87025893,87029343,87030956,87031484,87033106,87036759,87038296,87040222,87041014,87043584,87045036,87045624,	87012961,87025755,87026041,87029452,87031134,87031703,87033334,87036937,87038403,87040438,87041282,87043755,87045270,87046432,	Q14CN2	uc009wcs.3		uc009wcs.3	1822	1	13	14	2677	ACCTAC		2633	885	TP		ACACCTACT	ACT			
1249	chr1	87045901	87045907	-	1	50	47	uc009wct.3	chr1	+	87012758	87046432	87031110	87046028	13	87012758,87025614,87025893,87030956,87031484,87033106,87036759,87038296,87040222,87041014,87043584,87045036,87045624,	87012961,87025755,87026041,87031134,87031703,87033334,87036937,87038403,87040438,87041282,87043755,87045270,87046432,	Q14CN2	uc009wct.3		uc009wct.3	1822	1	12	13	2568	ACCTAC		1922	648	TP		ACACCTACT	ACT			
1249	chr1	87045901	87045907	-	1	50	47	uc009wcu.3	chr1	+	87012758	87046432	87025738	87046028	12	87012758,87025614,87030956,87031484,87033106,87036759,87038296,87040222,87041014,87043584,87045036,87045624,	87012961,87025755,87031134,87031703,87033334,87036937,87038403,87040438,87041282,87043755,87045270,87046432,	Q14CN2	uc009wcu.3		uc009wcu.3	1822	1	11	12	2420	ACCTAC		2093	705	TP		ACACCTACT	ACT			
1730	chr1	150199050	150199056	TTCCTC/-	2	10,20	65,120	uc010pbt.2	chr1	-	150190716	150199127	150190716	150190716	2	150190716,150198939,	150193063,150199127,		uc010pbt.2		uc010pbt.2	1792	2	0	2	82	AGAGGA										
1730	chr1	150199050	150199056	TTCCTC/-	2	10,20	65,120	uc010pbu.2	chr1	-	150190716	150207026	150192992	150204174	7	150190716,150195511,150198939,150201404,150202905,150204114,150206926,	150193063,150195566,150199127,150201570,150203028,150204264,150207026,	NP_001129951	uc010pbu.2		uc010pbu.2	1822	1	4	7	621	AGAGGA		431	144	EE		GAAGAGGAG	GAG			
1730	chr1	150199050	150199056	TTCCTC/-	2	10,20	65,120	uc001etw.3	chr1	-	150190716	150208504	150192992	150208134	7	150190716,150195511,150198939,150201404,150202905,150204114,150208080,	150193063,150195566,150199127,150201570,150203028,150204264,150208504,	Q9BTT0	uc001etw.3		uc001etw.3	1822	1	4	7	945	AGAGGA		575	192	EE		GAAGAGGAG	GAG			
1730	chr1	150199050	150199056	TTCCTC/-	2	10,20	65,120	uc010pbv.2	chr1	-	150190716	150208504	150192992	150208134	6	150190716,150195511,150198939,150201404,150204114,150208080,	150193063,150195566,150199127,150201570,150204264,150208504,	E9PEA6	uc010pbv.2		uc010pbv.2	1822	1	3	6	822	AGAGGA		452	151	EE		GAAGAGGAG	GAG			
1730	chr1	150199050	150199056	TTCCTC/-	2	10,20	65,120	uc001etv.4	chr1	-	150190722	150208504	150192992	150208134	7	150190722,150195511,150198939,150201404,150202905,150204114,150208080,	150193060,150195566,150199127,150201570,150203028,150204264,150208504,	Q9BTT0	uc001etv.4		uc001etv.4	1822	1	4	7	945	AGAGGA		575	192	EE		GAAGAGGAG	GAG			
1730	chr1	150199050	150199056	TTCCTC/-	2	10,20	65,120	uc010pbw.1	chr1	-	150198939	150208504	150198956	150208134	4	150198939,150202905,150204114,150208080,	150199127,150203028,150204264,150208504,	E9PLC4	uc010pbw.1		uc010pbw.1	1822	1	3	4	779	AGAGGA		409	136	KR		AAGAGGAGG	AGG			
1746	chr1	152185814	152185816	AG	1	33	113	uc001ezt.2	chr1	-	152184551	152196672	152185551	152195729	3	152184551,152195591,152196618,	152193966,152195754,152196672,	Q86YZ3	uc001ezt.2	AG	uc001ezt.2	1583	1	2	3	8367	GG	CT	8288	2763	A	S	GGGGCT	GGCTCT			
1816	chr1	161473872	161473873	C/A	2	0,0	100,100	uc001gan.3	chr1	+	161475204	161489360	161475257	161487938	7	161475204,161475776,161476123,161479609,161480623,161483684,161487764,	161475342,161475797,161476381,161479864,161480746,161483722,161489360,	P12318	uc001gan.3	C	uc001gan.3	1631	4														
1816	chr1	161473872	161473873	C/A	2	0,0	100,100	uc001gam.3	chr1	+	161475204	161489360	161475257	161487938	7	161475204,161475776,161476126,161479609,161480623,161483684,161487764,	161475342,161475797,161476381,161479864,161480746,161483722,161489360,	P12318-2	uc001gam.3	C	uc001gam.3	1631	4														
1816	chr1	161473872	161473873	C/A	2	0,0	100,100	uc021pcz.2	chr1	+	161475204	161489360	161479662	161487938	7	161475204,161475776,161476123,161479609,161480623,161483684,161487764,	161475342,161475797,161476497,161479864,161480746,161483722,161489360,	P12318	uc021pcz.2	C	uc021pcz.2	1631	4														
1816	chr1	161473872	161473873	C/A	2	0,0	100,100	uc021pda.2	chr1	+	161475204	161489360	161479662	161487938	7	161475204,161475776,161476126,161479609,161480623,161483684,161487764,	161475342,161475797,161476497,161479864,161480746,161483722,161489360,	P12318	uc021pda.2	C	uc021pda.2	1631	4														
1816	chr1	161476203	161476204	T/C	2	0,0	100,100	uc001gan.3	chr1	+	161475204	161489360	161475257	161487938	7	161475204,161475776,161476123,161479609,161480623,161483684,161487764,	161475342,161475797,161476381,161479864,161480746,161483722,161489360,	P12318	uc001gan.3	T	uc001gan.3	1587	1	2	7	239	C	T	186	62	Q	*	CAG	TAG			
1816	chr1	161476203	161476204	T/C	2	0,0	100,100	uc001gam.3	chr1	+	161475204	161489360	161475257	161487938	7	161475204,161475776,161476126,161479609,161480623,161483684,161487764,	161475342,161475797,161476381,161479864,161480746,161483722,161489360,	P12318-2	uc001gam.3	T	uc001gam.3	1587	1	2	7	236	C	T	183	61	Q	*	CAG	TAG			
1816	chr1	161476203	161476204	T/C	2	0,0	100,100	uc021pcz.2	chr1	+	161475204	161489360	161479662	161487938	7	161475204,161475776,161476123,161479609,161480623,161483684,161487764,	161475342,161475797,161476497,161479864,161480746,161483722,161489360,	P12318	uc021pcz.2	T	uc021pcz.2	1623	2	2	7	239	C	T									
1816	chr1	161476203	161476204	T/C	2	0,0	100,100	uc021pda.2	chr1	+	161475204	161489360	161479662	161487938	7	161475204,161475776,161476126,161479609,161480623,161483684,161487764,	161475342,161475797,161476497,161479864,161480746,161483722,161489360,	P12318	uc021pda.2	T	uc021pda.2	1623	2	2	7	236	C	T									
1816	chr1	161476204	161476205	G/A	2	0,0	100,100	uc001gan.3	chr1	+	161475204	161489360	161475257	161487938	7	161475204,161475776,161476123,161479609,161480623,161483684,161487764,	161475342,161475797,161476381,161479864,161480746,161483722,161489360,	P12318	uc001gan.3	G	uc001gan.3	1583	1	2	7	240	A	G	187	62	Q	R	CAG	CGG			
1816	chr1	161476204	161476205	G/A	2	0,0	100,100	uc001gam.3	chr1	+	161475204	161489360	161475257	161487938	7	161475204,161475776,161476126,161479609,161480623,161483684,161487764,	161475342,161475797,161476381,161479864,161480746,161483722,161489360,	P12318-2	uc001gam.3	G	uc001gam.3	1583	1	2	7	237	A	G	184	61	Q	R	CAG	CGG			
1816	chr1	161476204	161476205	G/A	2	0,0	100,100	uc021pcz.2	chr1	+	161475204	161489360	161479662	161487938	7	161475204,161475776,161476123,161479609,161480623,161483684,161487764,	161475342,161475797,161476497,161479864,161480746,161483722,161489360,	P12318	uc021pcz.2	G	uc021pcz.2	1623	2	2	7	240	A	G									
1816	chr1	161476204	161476205	G/A	2	0,0	100,100	uc021pda.2	chr1	+	161475204	161489360	161479662	161487938	7	161475204,161475776,161476126,161479609,161480623,161483684,161487764,	161475342,161475797,161476497,161479864,161480746,161483722,161489360,	P12318	uc021pda.2	G	uc021pda.2	1623	2	2	7	237	A	G									
1817	chr1	161481035	161481036	A/G	2	0,0	100,100	uc001gan.3	chr1	+	161475204	161489360	161475257	161487938	7	161475204,161475776,161476123,161479609,161480623,161483684,161487764,	161475342,161475797,161476381,161479864,161480746,161483722,161489360,	P12318	uc001gan.3	A	uc001gan.3	1627	3	4	6												
1817	chr1	161481035	161481036	A/G	2	0,0	100,100	uc001gam.3	chr1	+	161475204	161489360	161475257	161487938	7	161475204,161475776,161476126,161479609,161480623,161483684,161487764,	161475342,161475797,161476381,161479864,161480746,161483722,161489360,	P12318-2	uc001gam.3	A	uc001gam.3	1627	3	4	6												
1817	chr1	161481035	161481036	A/G	2	0,0	100,100	uc021pcz.2	chr1	+	161475204	161489360	161479662	161487938	7	161475204,161475776,161476123,161479609,161480623,161483684,161487764,	161475342,161475797,161476497,161479864,161480746,161483722,161489360,	P12318	uc021pcz.2	A	uc021pcz.2	1627	3	4	6												
1817	chr1	161481035	161481036	A/G	2	0,0	100,100	uc021pda.2	chr1	+	161475204	161489360	161479662	161487938	7	161475204,161475776,161476126,161479609,161480623,161483684,161487764,	161475342,161475797,161476497,161479864,161480746,161483722,161489360,	P12318	uc021pda.2	A	uc021pda.2	1627	3	4	6												
716	chr22	17264564	17264565	T	1	0	100	uc002zlv.3	chr22	-	17264305	17302584	17264508	17288963	4	17264305,17280660,17288628,17302496,	17265299,17280914,17288973,17302584,	Q5GH77	uc002zlv.3	T	uc002zlv.3	1583	1	3	4	1421	C	A	1323	441	H	N	CAC	AAC			
716	chr22	17264564	17264565	T	1	0	100	uc011agf.2	chr22	-	17264305	17302584	17264508	17288963	4	17264305,17280660,17288628,17302496,	17265299,17280914,17288976,17302584,	Q5GH77	uc011agf.2	T	uc011agf.2	1583	1	3	4	1424	C	A	1323	441	H	N	CAC	AAC			
716	chr22	17264903	17264904	G/A	2	0,0	100,100	uc002zlv.3	chr22	-	17264305	17302584	17264508	17288963	4	17264305,17280660,17288628,17302496,	17265299,17280914,17288973,17302584,	Q5GH77	uc002zlv.3	G	uc002zlv.3	1819	1	3	4	1082	T	C	984	328	L	L	TTG	CTG			
716	chr22	17264903	17264904	G/A	2	0,0	100,100	uc011agf.2	chr22	-	17264305	17302584	17264508	17288963	4	17264305,17280660,17288628,17302496,	17265299,17280914,17288976,17302584,	Q5GH77	uc011agf.2	G	uc011agf.2	1819	1	3	4	1085	T	C	984	328	L	L	TTG	CTG			
890	chr3	40085622	40085625	T/ATG	2	4,12	114,81	uc003cka.3	chr3	+	39851302	40301811	39942307	40299657	17	39851302,39942277,40085540,40192538,40204220,40208336,40208649,40211440,40223710,40231316,40251344,40275349,40285936,40291712,40291929,40293371,40299624,	39851407,39942417,40085762,40192675,40204301,40208434,40208730,40211584,40223864,40231954,40251584,40275544,40286098,40291817,40291990,40293490,40301811,	Q8NFW9	uc003cka.3	T	uc003cka.3	1589	1	2	17	327	ATG	T	192	64	MRCCSPFTFLVNTKRQCGDCKFNVCKSCCSYQKHEKAWVCCVCQQARLLRAQSLEWFYNNVKSRFKRFGSAKVLKNLYRKHRLESGACFDILGGSLFESNLENEGSISGSDSTFYRQSEGHSVMDTLAVALRVAEEAIEEAISKAEAYGDSLDKQNEASYLRDHKEELTEELATTILQKIIRKQKSKSEQQVEEEPGWPHPQSCSTKVADEGTSASPGGYRAPAALWRSQSAFSITGEEALKTPPVEAPSRQPRDQGQHPRAESALPSWKSVDRLDETNLAPVLQSPDGNWVALKDGAPPPTRLLAKPKSGTFQALEVASSVASAYDEMGSDSEEDFDWSEALSKLCPRSRALPRNPQPQPTQAQSSDQGPIAASPSSALSPNPEAMCSDSETSSAGSSREVGHQARLSWLQRKAPRNPAAEKMRLHGELDVNFNPQLASRETSDSSEPEEAPHTTDRRARRWRRARLGSEEPSKEPSSPSAQLRDLDTHQVSDDLSETDISNEARDPQTLTDTTEEKRRNRLYELAMKMSEKETSSGEDQESEPKTESENQKESLSSEDNSQSVQEELKKKFSAVSLCNISTEVLKVINATEELIAGSTGPWESPQVPPDRQKGMFPRGTDQVRLDEQLTSLEENVYLAAGTVYGLETQLTELEDAARCIHSGTDETHLADLEDQVATAAAQVHHAELQISDIESRISALTIAGLNIAPCVRFTRRRDQKQRTQVQTIDTSRQQRRKLPAPPVKAEKIETSSVTTIKTFNHNFILQGSSTNRTKERKGTTKDLMEPALESAVMY*	SLLLALHLPRQHQAPVWRLQIQCLQELLLLPEARKGLGLLRLPASEASEGPISGMVLQ*	ATGCGCTGCTGCTCGCCCTTCACCTTCCTCGTCAACACCAAGCGCCAGTGTGGAGATTGCAAATTCAATGTCTGCAAGAGCTGCTGCTCCTACCAGAAGCACGAAAAGGCCTGGGTCTGCTGCGTCTGCCAGCAAGCGAGGCTTCTGAGGGCCCAATCTCTGGAATGGTTCTACAATAATGTGAAGAGCCGCTTCAAGCGCTTTGGCAGTGCCAAGGTTCTGAAGAACCTGTACAGGAAGCACCGGCTGGAGAGTGGCGCGTGCTTCGACATTCTAGGAGGAAGCCTTTTTGAGTCAAACCTGGAGAATGAAGGAAGCATTTCTGGCAGTGATTCAACATTTTATAGGCAGTCAGAAGGACATAGTGTGATGGACACCTTGGCTGTGGCCCTACGGGTGGCTGAAGAGGCCATTGAGGAAGCAATTTCCAAAGCAGAGGCATATGGGGACAGCCTGGACAAGCAAAATGAGGCCAGTTACCTGCGGGACCACAAGGAGGAGCTAACTGAGGAACTGGCCACGACAATCCTGCAGAAGATTATACGAAAACAGAAGAGCAAAAGTGAGCAGCAAGTGGAAGAAGAGCCAGGATGGCCACATCCCCAGAGTTGCAGCACAAAGGTGGCAGATGAGGGGACCTCAGCATCCCCTGGAGGCTACCGTGCTCCCGCTGCCCTCTGGAGGTCCCAGTCTGCCTTCTCAATCACTGGAGAAGAAGCCCTGAAGACCCCTCCAGTGGAGGCTCCATCGAGGCAGCCAAGGGACCAAGGCCAACACCCGAGAGCAGAGTCTGCTCTGCCCAGCTGGAAGAGTGTGGACAGGCTGGATGAAACAAACCTGGCCCCAGTTTTGCAGAGCCCCGACGGGAACTGGGTGGCCCTGAAGGATGGCGCTCCACCCCCCACCCGACTACTGGCCAAACCTAAGAGCGGGACGTTTCAGGCCCTGGAGGTGGCCTCCAGTGTGGCATCTGCCTACGATGAGATGGGCTCCGATAGCGAGGAAGACTTTGACTGGAGTGAGGCCTTGAGCAAGCTGTGTCCCAGGTCCCGGGCCCTGCCCAGGAACCCCCAGCCTCAGCCCACACAGGCCCAGAGCTCTGACCAAGGCCCCATAGCTGCCTCCCCATCCTCTGCACTCTCCCCCAACCCTGAGGCCATGTGCTCTGACTCGGAGACCTCCTCCGCAGGCTCTTCCCGAGAAGTTGGGCACCAGGCCAGACTGTCCTGGTTGCAGAGGAAGGCCCCCAGGAACCCTGCAGCTGAGAAGATGCGCTTGCATGGAGAGCTGGACGTGAACTTCAACCCCCAGTTGGCCAGCAGGGAGACCTCGGACAGCAGCGAGCCGGAGGAGGCCCCCCACACCACAGACCGGCGGGCCAGGAGGTGGAGAAGAGCCCGACTGGGCTCAGAAGAGCCAAGCAAAGAACCATCTTCCCCCAGCGCCCAGCTCCGGGATCTAGACACACATCAGGTGTCGGATGATTTATCAGAGACAGACATCAGCAATGAGGCTCGGGATCCCCAGACTCTCACAGACACCACAGAGGAGAAACGGAGAAACAGGCTGTACGAGTTAGCAATGAAAATGAGTGAAAAGGAGACTTCTTCAGGGGAGGATCAGGAGTCTGAGCCCAAGACAGAATCTGAGAACCAGAAGGAAAGTCTGTCCTCTGAAGACAACAGCCAGAGTGTCCAGGAAGAGCTGAAGAAGAAGTTTTCTGCTGTTTCTCTCTGCAACATCTCCACAGAAGTCCTGAAAGTCATCAATGCCACAGAGGAGTTGATAGCAGGATCTACAGGGCCCTGGGAGTCCCCACAAGTCCCTCCTGACAGACAGAAGGGGATGTTTCCTCGTGGGACAGACCAAGTGAGACTGGATGAGCAGCTGACTTCCCTGGAAGAAAATGTATACCTGGCAGCAGGCACTGTGTATGGACTGGAGACCCAGCTGACTGAGCTAGAAGATGCCGCCCGCTGCATCCACAGTGGCACTGATGAGACCCATCTGGCGGATCTGGAGGACCAGGTGGCCACGGCTGCAGCCCAAGTCCACCATGCTGAACTCCAGATTTCAGATATTGAGAGCCGGATTTCAGCCCTGACCATTGCAGGATTAAACATAGCACCATGTGTGCGCTTCACAAGAAGACGGGATCAGAAGCAAAGGACCCAGGTACAAACCATAGATACATCAAGGCAGCAAAGGAGGAAACTGCCTGCTCCACCGGTGAAAGCTGAAAAAATTGAGACATCTTCAGTGACTACCATTAAAACATTTAACCACAACTTCATTCTCCAAGGCTCCTCAACAAACAGGACTAAGGAAAGGAAAGGCACCACCAAGGATTTGATGGAGCCTGCTCTGGAGTCAGCTGTGATGTACTGA	TCGCTGCTGCTCGCCCTTCACCTTCCTCGTCAACACCAAGCGCCAGTGTGGAGATTGCAAATTCAATGTCTGCAAGAGCTGCTGCTCCTACCAGAAGCACGAAAAGGCCTGGGTCTGCTGCGTCTGCCAGCAAGCGAGGCTTCTGAGGGCCCAATCTCTGGAATGGTTCTACAATAA			
890	chr3	40085622	40085625	T/ATG	2	4,12	114,81	uc010hhu.3	chr3	+	39851302	40301811	39851302	39851302	17	39851302,39942277,40085540,40192538,40204220,40208336,40208649,40211440,40223710,40231316,40251344,40275386,40285936,40291712,40291929,40293371,40299624,	39851407,39942417,40085762,40192675,40204301,40208434,40208730,40211584,40223864,40231954,40251584,40275544,40286098,40291817,40291990,40293490,40301811,		uc010hhu.3	T	uc010hhu.3	1792	2	2	17	327	ATG	T									
890	chr3	40085622	40085625	T/ATG	2	4,12	114,81	uc010hhv.3	chr3	+	39851302	40301811	39942307	40299657	16	39851302,39942277,40085540,40192538,40204220,40208336,40208649,40211440,40223710,40231316,40251344,40285936,40291712,40291929,40293371,40299624,	39851407,39942417,40085762,40192675,40204301,40208434,40208730,40211584,40223864,40231954,40251584,40286098,40291817,40291990,40293490,40301811,	Q8NFW9-2	uc010hhv.3	T	uc010hhv.3	1589	1	2	16	327	ATG	T	192	64	MRCCSPFTFLVNTKRQCGDCKFNVCKSCCSYQKHEKAWVCCVCQQARLLRAQSLEWFYNNVKSRFKRFGSAKVLKNLYRKHRLESGACFDILGGSLFESNLENEGSISGSDSTFYRQSEGHSVMDTLAVALRVAEEAIEEAISKAEAYGDSLDKQNEASYLRDHKEELTEELATTILQKIIRKQKSKSEQQVEEEPGWPHPQSCSTKVADEGTSASPGGYRAPAALWRSQSAFSITGEEALKTPPVEAPSRQPRDQGQHPRAESALPSWKSVDRLDETNLAPVLQSPDGNWVALKDGAPPPTRLLAKPKSGTFQALEVASSVASAYDEMGSDSEEDFDWSEALSKLCPRSRALPRNPQPQPTQAQSSDQGPIAASPSSALSPNPEAMCSDSETSSAGSSREVGHQARLSWLQRKAPRNPAAEKMRLHGELDVNFNPQLASRETSDSSEPEEAPHTTDRRARRWRRARLGSEEPSKEPSSPSAQLRDLDTHQVSDDLSETDISNEARDPQTLTDTTEEKRRNRLYELAMKMSEKETSSGEDQESEPKTESENQKESLSSEDNSQSVQEELKKVYLAAGTVYGLETQLTELEDAARCIHSGTDETHLADLEDQVATAAAQVHHAELQISDIESRISALTIAGLNIAPCVRFTRRRDQKQRTQVQTIDTSRQQRRKLPAPPVKAEKIETSSVTTIKTFNHNFILQGSSTNRTKERKGTTKDLMEPALESAVMY*	SLLLALHLPRQHQAPVWRLQIQCLQELLLLPEARKGLGLLRLPASEASEGPISGMVLQ*	ATGCGCTGCTGCTCGCCCTTCACCTTCCTCGTCAACACCAAGCGCCAGTGTGGAGATTGCAAATTCAATGTCTGCAAGAGCTGCTGCTCCTACCAGAAGCACGAAAAGGCCTGGGTCTGCTGCGTCTGCCAGCAAGCGAGGCTTCTGAGGGCCCAATCTCTGGAATGGTTCTACAATAATGTGAAGAGCCGCTTCAAGCGCTTTGGCAGTGCCAAGGTTCTGAAGAACCTGTACAGGAAGCACCGGCTGGAGAGTGGCGCGTGCTTCGACATTCTAGGAGGAAGCCTTTTTGAGTCAAACCTGGAGAATGAAGGAAGCATTTCTGGCAGTGATTCAACATTTTATAGGCAGTCAGAAGGACATAGTGTGATGGACACCTTGGCTGTGGCCCTACGGGTGGCTGAAGAGGCCATTGAGGAAGCAATTTCCAAAGCAGAGGCATATGGGGACAGCCTGGACAAGCAAAATGAGGCCAGTTACCTGCGGGACCACAAGGAGGAGCTAACTGAGGAACTGGCCACGACAATCCTGCAGAAGATTATACGAAAACAGAAGAGCAAAAGTGAGCAGCAAGTGGAAGAAGAGCCAGGATGGCCACATCCCCAGAGTTGCAGCACAAAGGTGGCAGATGAGGGGACCTCAGCATCCCCTGGAGGCTACCGTGCTCCCGCTGCCCTCTGGAGGTCCCAGTCTGCCTTCTCAATCACTGGAGAAGAAGCCCTGAAGACCCCTCCAGTGGAGGCTCCATCGAGGCAGCCAAGGGACCAAGGCCAACACCCGAGAGCAGAGTCTGCTCTGCCCAGCTGGAAGAGTGTGGACAGGCTGGATGAAACAAACCTGGCCCCAGTTTTGCAGAGCCCCGACGGGAACTGGGTGGCCCTGAAGGATGGCGCTCCACCCCCCACCCGACTACTGGCCAAACCTAAGAGCGGGACGTTTCAGGCCCTGGAGGTGGCCTCCAGTGTGGCATCTGCCTACGATGAGATGGGCTCCGATAGCGAGGAAGACTTTGACTGGAGTGAGGCCTTGAGCAAGCTGTGTCCCAGGTCCCGGGCCCTGCCCAGGAACCCCCAGCCTCAGCCCACACAGGCCCAGAGCTCTGACCAAGGCCCCATAGCTGCCTCCCCATCCTCTGCACTCTCCCCCAACCCTGAGGCCATGTGCTCTGACTCGGAGACCTCCTCCGCAGGCTCTTCCCGAGAAGTTGGGCACCAGGCCAGACTGTCCTGGTTGCAGAGGAAGGCCCCCAGGAACCCTGCAGCTGAGAAGATGCGCTTGCATGGAGAGCTGGACGTGAACTTCAACCCCCAGTTGGCCAGCAGGGAGACCTCGGACAGCAGCGAGCCGGAGGAGGCCCCCCACACCACAGACCGGCGGGCCAGGAGGTGGAGAAGAGCCCGACTGGGCTCAGAAGAGCCAAGCAAAGAACCATCTTCCCCCAGCGCCCAGCTCCGGGATCTAGACACACATCAGGTGTCGGATGATTTATCAGAGACAGACATCAGCAATGAGGCTCGGGATCCCCAGACTCTCACAGACACCACAGAGGAGAAACGGAGAAACAGGCTGTACGAGTTAGCAATGAAAATGAGTGAAAAGGAGACTTCTTCAGGGGAGGATCAGGAGTCTGAGCCCAAGACAGAATCTGAGAACCAGAAGGAAAGTCTGTCCTCTGAAGACAACAGCCAGAGTGTCCAGGAAGAGCTGAAGAAGGTATACCTGGCAGCAGGCACTGTGTATGGACTGGAGACCCAGCTGACTGAGCTAGAAGATGCCGCCCGCTGCATCCACAGTGGCACTGATGAGACCCATCTGGCGGATCTGGAGGACCAGGTGGCCACGGCTGCAGCCCAAGTCCACCATGCTGAACTCCAGATTTCAGATATTGAGAGCCGGATTTCAGCCCTGACCATTGCAGGATTAAACATAGCACCATGTGTGCGCTTCACAAGAAGACGGGATCAGAAGCAAAGGACCCAGGTACAAACCATAGATACATCAAGGCAGCAAAGGAGGAAACTGCCTGCTCCACCGGTGAAAGCTGAAAAAATTGAGACATCTTCAGTGACTACCATTAAAACATTTAACCACAACTTCATTCTCCAAGGCTCCTCAACAAACAGGACTAAGGAAAGGAAAGGCACCACCAAGGATTTGATGGAGCCTGCTCTGGAGTCAGCTGTGATGTACTGA	TCGCTGCTGCTCGCCCTTCACCTTCCTCGTCAACACCAAGCGCCAGTGTGGAGATTGCAAATTCAATGTCTGCAAGAGCTGCTGCTCCTACCAGAAGCACGAAAAGGCCTGGGTCTGCTGCGTCTGCCAGCAAGCGAGGCTTCTGAGGGCCCAATCTCTGGAATGGTTCTACAATAA			
890	chr3	40085622	40085625	T/ATG	2	4,12	114,81	uc010hhw.3	chr3	+	39851302	40301811	40085560	40299657	16	39851302,39942277,40085540,40204220,40208336,40208649,40211440,40223710,40231316,40251344,40275349,40285936,40291712,40291929,40293371,40299624,	39851407,39942417,40085762,40204301,40208434,40208730,40211584,40223864,40231954,40251584,40275544,40286098,40291817,40291990,40293490,40301811,	Q32M42	uc010hhw.3	T	uc010hhw.3	1589	1	2	16	327	ATG	T	62	21	CAAARPSPSSSTPSASVEIANSMSARAAAPTRSTKRPGSAASASKRGGSLFESNLENEGSISGSDSTFYRQSEGHSVMDTLAVALRVAEEAIEEAISKAEAYGDSLDKQNEASYLRDHKEELTEELATTILQKIIRKQKSKSEQQVEEEPGWPHPQSCSTKVADEGTSASPGGYRAPAALWRSQSAFSITGEEALKTPPVEAPSRQPRDQGQHPRAESALPSWKSVDRLDETNLAPVLQSPDGNWVALKDGAPPPTRLLAKPKSGTFQALEVASSVASAYDEMGSDSEEDFDWSEALSKLCPRSRALPRNPQPQPTQAQSSDQGPIAASPSSALSPNPEAMCSDSETSSAGSSREVGHQARLSWLQRKAPRNPAAEKMRLHGELDVNFNPQLASRETSDSSEPEEAPHTTDRRARRWRRARLGSEEPSKEPSSPSAQLRDLDTHQVSDDLSETDISNEARDPQTLTDTTEEKRRNRLYELAMKMSEKETSSGEDQESEPKTESENQKESLSSEDNSQSVQEELKKKFSAVSLCNISTEVLKVINATEELIAGSTGPWESPQVPPDRQKGMFPRGTDQVRLDEQLTSLEENVYLAAGTVYGLETQLTELEDAARCIHSGTDETHLADLEDQVATAAAQVHHAELQISDIESRISALTIAGLNIAPCVRFTRRRDQKQRTQVQTIDTSRQQRRKLPAPPVKAEKIETSSVTTIKTFNHNFILQGSSTNRTKERKGTTKDLMEPALESAVMY*	RCCSPFTFLVNTKRQCGDCKFNVCKSCCSYQKHEKAWVCCVCQQARRKPF*	GCATGCGCTGCTGCTCGCCCTTCACCTTCCTCGTCAACACCAAGCGCCAGTGTGGAGATTGCAAATTCAATGTCTGCAAGAGCTGCTGCTCCTACCAGAAGCACGAAAAGGCCTGGGTCTGCTGCGTCTGCCAGCAAGCGAGGAGGAAGCCTTTTTGAGTCAAACCTGGAGAATGAAGGAAGCATTTCTGGCAGTGATTCAACATTTTATAGGCAGTCAGAAGGACATAGTGTGATGGACACCTTGGCTGTGGCCCTACGGGTGGCTGAAGAGGCCATTGAGGAAGCAATTTCCAAAGCAGAGGCATATGGGGACAGCCTGGACAAGCAAAATGAGGCCAGTTACCTGCGGGACCACAAGGAGGAGCTAACTGAGGAACTGGCCACGACAATCCTGCAGAAGATTATACGAAAACAGAAGAGCAAAAGTGAGCAGCAAGTGGAAGAAGAGCCAGGATGGCCACATCCCCAGAGTTGCAGCACAAAGGTGGCAGATGAGGGGACCTCAGCATCCCCTGGAGGCTACCGTGCTCCCGCTGCCCTCTGGAGGTCCCAGTCTGCCTTCTCAATCACTGGAGAAGAAGCCCTGAAGACCCCTCCAGTGGAGGCTCCATCGAGGCAGCCAAGGGACCAAGGCCAACACCCGAGAGCAGAGTCTGCTCTGCCCAGCTGGAAGAGTGTGGACAGGCTGGATGAAACAAACCTGGCCCCAGTTTTGCAGAGCCCCGACGGGAACTGGGTGGCCCTGAAGGATGGCGCTCCACCCCCCACCCGACTACTGGCCAAACCTAAGAGCGGGACGTTTCAGGCCCTGGAGGTGGCCTCCAGTGTGGCATCTGCCTACGATGAGATGGGCTCCGATAGCGAGGAAGACTTTGACTGGAGTGAGGCCTTGAGCAAGCTGTGTCCCAGGTCCCGGGCCCTGCCCAGGAACCCCCAGCCTCAGCCCACACAGGCCCAGAGCTCTGACCAAGGCCCCATAGCTGCCTCCCCATCCTCTGCACTCTCCCCCAACCCTGAGGCCATGTGCTCTGACTCGGAGACCTCCTCCGCAGGCTCTTCCCGAGAAGTTGGGCACCAGGCCAGACTGTCCTGGTTGCAGAGGAAGGCCCCCAGGAACCCTGCAGCTGAGAAGATGCGCTTGCATGGAGAGCTGGACGTGAACTTCAACCCCCAGTTGGCCAGCAGGGAGACCTCGGACAGCAGCGAGCCGGAGGAGGCCCCCCACACCACAGACCGGCGGGCCAGGAGGTGGAGAAGAGCCCGACTGGGCTCAGAAGAGCCAAGCAAAGAACCATCTTCCCCCAGCGCCCAGCTCCGGGATCTAGACACACATCAGGTGTCGGATGATTTATCAGAGACAGACATCAGCAATGAGGCTCGGGATCCCCAGACTCTCACAGACACCACAGAGGAGAAACGGAGAAACAGGCTGTACGAGTTAGCAATGAAAATGAGTGAAAAGGAGACTTCTTCAGGGGAGGATCAGGAGTCTGAGCCCAAGACAGAATCTGAGAACCAGAAGGAAAGTCTGTCCTCTGAAGACAACAGCCAGAGTGTCCAGGAAGAGCTGAAGAAGAAGTTTTCTGCTGTTTCTCTCTGCAACATCTCCACAGAAGTCCTGAAAGTCATCAATGCCACAGAGGAGTTGATAGCAGGATCTACAGGGCCCTGGGAGTCCCCACAAGTCCCTCCTGACAGACAGAAGGGGATGTTTCCTCGTGGGACAGACCAAGTGAGACTGGATGAGCAGCTGACTTCCCTGGAAGAAAATGTATACCTGGCAGCAGGCACTGTGTATGGACTGGAGACCCAGCTGACTGAGCTAGAAGATGCCGCCCGCTGCATCCACAGTGGCACTGATGAGACCCATCTGGCGGATCTGGAGGACCAGGTGGCCACGGCTGCAGCCCAAGTCCACCATGCTGAACTCCAGATTTCAGATATTGAGAGCCGGATTTCAGCCCTGACCATTGCAGGATTAAACATAGCACCATGTGTGCGCTTCACAAGAAGACGGGATCAGAAGCAAAGGACCCAGGTACAAACCATAGATACATCAAGGCAGCAAAGGAGGAAACTGCCTGCTCCACCGGTGAAAGCTGAAAAAATTGAGACATCTTCAGTGACTACCATTAAAACATTTAACCACAACTTCATTCTCCAAGGCTCCTCAACAAACAGGACTAAGGAAAGGAAAGGCACCACCAAGGATTTGATGGAGCCTGCTCTGGAGTCAGCTGTGATGTACTGA	GCTCGCTGCTGCTCGCCCTTCACCTTCCTCGTCAACACCAAGCGCCAGTGTGGAGATTGCAAATTCAATGTCTGCAAGAGCTGCTGCTCCTACCAGAAGCACGAAAAGGCCTGGGTCTGCTGCGTCTGCCAGCAAGCGAGGAGGAAGCCTTTTTGA			
890	chr3	40085622	40085625	T/ATG	2	4,12	114,81	uc010hhx.1	chr3	+	39851977	40204453	39942307	40204315	5	39851977,39942277,40085540,40192538,40204220,	39852206,39942417,40085762,40192675,40204453,	F8WFC5	uc010hhx.1	T	uc010hhx.1	1589	1	2	5	451	ATG	T	192	64	MRCCSPFTFLVNTKRQCGDCKFNVCKSCCSYQKHEKAWVCCVCQQARLLRAQSLEWFYNNVKSRFKRFGSAKVLKNLYRKHRLESGACFDILGGSLFESNLENEGSISGSDSTFYRQSEGKVA*	SLLLALHLPRQHQAPVWRLQIQCLQELLLLPEARKGLGLLRLPASEASEGPISGMVLQ*	ATGCGCTGCTGCTCGCCCTTCACCTTCCTCGTCAACACCAAGCGCCAGTGTGGAGATTGCAAATTCAATGTCTGCAAGAGCTGCTGCTCCTACCAGAAGCACGAAAAGGCCTGGGTCTGCTGCGTCTGCCAGCAAGCGAGGCTTCTGAGGGCCCAATCTCTGGAATGGTTCTACAATAATGTGAAGAGCCGCTTCAAGCGCTTTGGCAGTGCCAAGGTTCTGAAGAACCTGTACAGGAAGCACCGGCTGGAGAGTGGCGCGTGCTTCGACATTCTAGGAGGAAGCCTTTTTGAGTCAAACCTGGAGAATGAAGGAAGCATTTCTGGCAGTGATTCAACATTTTATAGGCAGTCAGAAGGTAAAGTTGCTTAA	TCGCTGCTGCTCGCCCTTCACCTTCCTCGTCAACACCAAGCGCCAGTGTGGAGATTGCAAATTCAATGTCTGCAAGAGCTGCTGCTCCTACCAGAAGCACGAAAAGGCCTGGGTCTGCTGCGTCTGCCAGCAAGCGAGGCTTCTGAGGGCCCAATCTCTGGAATGGTTCTACAATAA			
